src/screens/HomeScreen.tsx(13,22): error TS2367: This comparison appears to be unintentional because the types '0' and '1' have no overlap.
